core_cm7.h:2464:22:SCB_InvalidateDCache_by_Addr	32	static,ignoring_inline_asm
ethernetif.c:140:6:HAL_ETH_MspInit	64	static
ethernetif.c:204:6:HAL_ETH_MspDeInit	16	static
ethernetif.c:247:6:HAL_ETH_RxCpltCallback	16	static
ethernetif.c:266:13:low_level_init	184	static
ethernetif.c:436:14:low_level_output	80	static
ethernetif.c:482:22:low_level_input	88	static
ethernetif.c:528:6:ethernetif_input	24	static
ethernetif.c:586:7:ethernetif_init	16	static
ethernetif.c:630:6:pbuf_free_custom	24	static
ethernetif.c:645:7:sys_jiffies	8	static
ethernetif.c:656:7:sys_now	8	static
ethernetif.c:671:9:ETH_PHY_IO_Init	8	static
ethernetif.c:688:9:ETH_PHY_IO_DeInit	4	static
ethernetif.c:700:9:ETH_PHY_IO_ReadReg	24	static
ethernetif.c:717:9:ETH_PHY_IO_WriteReg	24	static
ethernetif.c:731:9:ETH_PHY_IO_GetTick	8	static
ethernetif.c:741:6:ethernet_link_thread	136	static
